[00:34:25] [User Authenticator #3/INFO]: UUID of player d4nchen is 877c0ddb-8ce0-4963-bd10-aff712de8252
[00:34:27] [Server thread/WARN]: Ignored advancement 'minecraft:recipes/decorations/chain' in progress file ./world/advancements/877c0ddb-8ce0-4963-bd10-aff712de8252.json - it doesn't exist anymore?
[00:34:27] [Server thread/WARN]: Ignored advancement 'minecraft:recipes/building_blocks/dye_magenta_carpet' in progress file ./world/advancements/877c0ddb-8ce0-4963-bd10-aff712de8252.json - it doesn't exist anymore?
[00:34:27] [Server thread/WARN]: Ignored advancement 'minecraft:recipes/building_blocks/dye_magenta_bed' in progress file ./world/advancements/877c0ddb-8ce0-4963-bd10-aff712de8252.json - it doesn't exist anymore?
[00:34:27] [Server thread/ERROR]: Tried to load unrecognized recipe: ResourceKey[minecraft:recipe / minecraft:chain] removed now.
[00:34:27] [Server thread/INFO]: d4nchen[/192.168.65.1:16539] logged in with entity id 692 at (68.46180017939278, 32.875, 0.6981086295145136)
[00:34:27] [Server thread/INFO]: d4nchen joined the game
[00:40:38] [User Authenticator #4/INFO]: UUID of player xXWindows10Xx is 397ba4df-ce03-43de-8521-b4c009647598
[00:40:39] [Server thread/INFO]: xXWindows10Xx[/192.168.65.1:61835] logged in with entity id 1979 at (-26.92220835445394, 68.0, -16.902547546312345)
[00:40:39] [Server thread/INFO]: xXWindows10Xx joined the game
[00:40:44] [Server thread/INFO]: <d4nchen> hiiiiii cutie
[00:40:52] [Server thread/INFO]: <d4nchen> im at my house
[00:40:53] [Server thread/INFO]: <xXWindows10Xx> hiiii
[00:42:20] [Server thread/INFO]: <d4nchen> brooooo creeper
[00:42:28] [Server thread/INFO]: <d4nchen> near my house
[00:42:31] [Server thread/INFO]: <d4nchen> golsa says hi
[00:42:44] [Server thread/INFO]: <xXWindows10Xx> hello lil sis
[00:42:54] [Server thread/INFO]: <d4nchen> itz her bday too tmrw yk
[00:43:02] [Server thread/INFO]: <xXWindows10Xx> wait wha
[00:43:06] [Server thread/INFO]: <xXWindows10Xx> today i learned
[00:43:08] [Server thread/INFO]: <d4nchen> huh
[00:43:13] [Server thread/INFO]: <d4nchen> u bee =n known
[00:43:18] [Server thread/INFO]: <d4nchen> i told u before dummy
[00:43:35] [Server thread/INFO]: <xXWindows10Xx> crazy we all share the same bday
[00:43:36] [Server thread/INFO]: <d4nchen> WHY IS THERE A WITCH
[00:43:44] [Server thread/INFO]: <xXWindows10Xx> LOL
[00:43:44] [Server thread/INFO]: <d4nchen> is this hard mode
[00:43:46] [Server thread/INFO]: <d4nchen> ???
[00:43:54] [Server thread/INFO]: <xXWindows10Xx> i swear it isnt
[00:44:03] [Server thread/INFO]: <d4nchen> omg theres like 3 creepers and a witch
[00:44:10] [Server thread/INFO]: <d4nchen> and a spider and a zombie
[00:44:21] [Server thread/INFO]: <xXWindows10Xx> ...
[00:44:40] [Server thread/INFO]: <d4nchen> its trying t kill me
[00:44:44] [Server thread/INFO]: <xXWindows10Xx> im combing over
[00:44:49] [Server thread/INFO]: <d4nchen> IM POISINONED
[00:45:09] [Server thread/INFO]: d4nchen was killed by Witch using magic
[00:45:15] [Server thread/INFO]: <xXWindows10Xx> LOL RIP
[00:45:23] [Server thread/INFO]: <d4nchen> I RESPAWNED IN CJEKN FARM
[00:45:25] [Server thread/INFO]: <d4nchen> LOLL
[00:45:35] [Server thread/INFO]: <xXWindows10Xx> LMAO
[00:45:56] [Server thread/INFO]: <d4nchen> can u tp me or is that opetion not here
[00:45:56] [Server thread/INFO]: <xXWindows10Xx> guess we know what awaits us in heaven
[00:46:00] [Server thread/INFO]: <d4nchen> LOL
[00:46:27] [Server thread/INFO]: <xXWindows10Xx> i dont think I cofnigured to give myself admin perms
[00:46:32] [Server thread/INFO]: <d4nchen> kk wait then for me to come
[00:46:52] [Server thread/INFO]: <xXWindows10Xx> this path is a lifesaver
[00:47:07] [Server thread/INFO]: <d4nchen> i ned more torches at my house
[00:48:03] [Server thread/INFO]: <d4nchen> why do i live so far
[00:49:15] [Server thread/INFO]: <d4nchen> HI
[00:49:18] [Server thread/INFO]: <d4nchen> I SEE U
[00:49:24] [Server thread/INFO]: <xXWindows10Xx> I SEE YOU TOO
[00:49:47] [Server thread/INFO]: <xXWindows10Xx> next project: super duper fast rollercoster ride between our houses
[00:49:50] [Server thread/INFO]: <d4nchen> ow..
[00:49:52] [Server thread/INFO]: <xXWindows10Xx> srryr
[00:49:54] [Server thread/INFO]: <xXWindows10Xx> oops
[00:49:59] [Server thread/INFO]: <d4nchen> yes pls
[00:50:48] [Server thread/INFO]: <xXWindows10Xx> i wonder what'd happen if we invite the discord server over
[00:50:52] [Server thread/INFO]: <d4nchen> omg
[00:50:56] [Server thread/INFO]: <d4nchen> we could
[00:51:13] [Server thread/INFO]: <xXWindows10Xx> maybe we can archivve this world and create a new world with them in it
[00:51:21] [Server thread/INFO]: <d4nchen> yeah that would be fun
[00:51:27] [Server thread/INFO]: <d4nchen> or we make a new one
[00:51:30] [Server thread/INFO]: <d4nchen> i kinda wanna rebuild
[00:51:47] [Server thread/INFO]: <xXWindows10Xx> yeah lowkey forgot what I was even doing last year
[00:51:51] [Server thread/INFO]: <d4nchen> same
[00:51:52] [Server thread/INFO]: <xXWindows10Xx> or where anything is
[00:52:02] [Server thread/INFO]: <d4nchen> yes...
[00:52:31] [Server thread/INFO]: <xXWindows10Xx> okie, I'll create a new one tmr then and invite the server over
[00:52:37] [Server thread/INFO]: <d4nchen> YAYYYY
[00:52:40] [Server thread/INFO]: <d4nchen> SECOND BDAY GIFT
[00:52:47] [Server thread/INFO]: <xXWindows10Xx> :P
[00:54:01] [Server thread/INFO]: <xXWindows10Xx> def gonna build my house nearer next time around
[00:54:08] [Server thread/INFO]: <d4nchen> i think im the one that went far
[00:54:51] [Server thread/INFO]: <xXWindows10Xx> ah right, cant rememver why tho
[00:55:01] [Server thread/INFO]: <d4nchen> i think i wanted mine on a hill
[00:55:36] [Server thread/INFO]: <d4nchen> eep
[00:55:36] [Server thread/INFO]: <xXWindows10Xx> zzzz
[00:56:04] [Server thread/INFO]: <d4nchen> the way im not even done mty house
[00:56:18] [Server thread/INFO]: <xXWindows10Xx> lovely rooftop
[00:56:23] [Server thread/INFO]: <d4nchen> thanks..
[00:56:24] [Server thread/INFO]: <xXWindows10Xx> love the open concept
[00:56:33] [Server thread/INFO]: <d4nchen> yes fresh air..
[00:57:34] [Server thread/INFO]: <d4nchen> dont get hrut
[00:58:45] [Server thread/INFO]: <d4nchen> where ur house
[00:58:47] [Server thread/INFO]: <d4nchen> lets go
[00:58:53] [Server thread/INFO]: <xXWindows10Xx> okie
[01:01:52] [Server thread/INFO]: <xXWindows10Xx> oh right this server is running on my mac now instead of the old pc
[01:01:57] [Server thread/INFO]: <d4nchen> ooooo
[01:01:59] [Server thread/INFO]: <xXWindows10Xx> wonder how many chickens it takes to lag
[01:02:06] [Server thread/INFO]: <d4nchen> lets test RN
[01:02:10] [Server thread/INFO]: <xXWindows10Xx> YES
[01:02:12] [Server thread/INFO]: <d4nchen> let me make them grow
[01:02:49] [Server thread/INFO]: <d4nchen> are u seing the purple dot on the line as well
[01:02:52] [Server thread/INFO]: <d4nchen> near the heaerts
[01:02:58] [Server thread/INFO]: <d4nchen> at bottom
[01:03:10] [Server thread/INFO]: <xXWindows10Xx> i see a green dot
[01:03:22] [Server thread/INFO]: <xXWindows10Xx> this is new
[01:03:22] [Server thread/INFO]: <d4nchen> oh yeah what is that, is tbat showing ur location?
[01:03:28] [Server thread/INFO]: <xXWindows10Xx> no clue
[01:03:30] [Server thread/INFO]: <d4nchen> stand still does it move when i move
[01:03:37] [Server thread/INFO]: <xXWindows10Xx> oh yeah it does
[01:03:43] [Server thread/INFO]: <d4nchen> omg thats pretty col then
[01:03:45] [Server thread/INFO]: <d4nchen> cool
[01:03:47] [Server thread/INFO]: <xXWindows10Xx> OH so it locagtes the nearest player
[01:03:50] [Server thread/INFO]: <xXWindows10Xx> cool
[01:03:53] [Server thread/INFO]: <d4nchen> break the eggs in chest
[01:05:35] [Server thread/INFO]: <xXWindows10Xx> wait we can also breed chickens right
[01:05:38] [Server thread/INFO]: <d4nchen> yes
[01:05:42] [Server thread/INFO]: <d4nchen> i dont have seeds tho
[01:05:48] [Server thread/INFO]: <d4nchen> omg
[01:05:50] [Server thread/INFO]: <xXWindows10Xx> lemme get some
[01:05:54] [Server thread/INFO]: <d4nchen> wait i forgot how they all huddle near u
[01:05:57] [Server thread/INFO]: <d4nchen> get a whole bunch
[01:06:03] [Server thread/INFO]: <d4nchen> ill hatch eggs while u do that
[01:06:10] [Server thread/INFO]: <d4nchen> the gate is double gated
[01:06:12] [Server thread/INFO]: <xXWindows10Xx> how do i get out...
[01:06:13] [Server thread/INFO]: <d4nchen> be carefulk
[01:06:40] [Server thread/INFO]: <d4nchen> just get out its ok
[01:06:44] [Server thread/INFO]: <d4nchen> if one leaves
[01:07:37] [Server thread/INFO]: <d4nchen> TY
[01:07:40] [Server thread/INFO]: <xXWindows10Xx> np
[01:08:24] [Server thread/INFO]: <d4nchen> JUMPSCARE
[01:09:19] [Server thread/INFO]: <d4nchen> wow maybe the zombies want some too
[01:10:02] [Server thread/INFO]: <d4nchen> HELP
[01:10:20] [Server thread/INFO]: <d4nchen> ty
[01:10:47] [Server thread/INFO]: <d4nchen> lets let the babies grow up and do it again
[01:10:47] [Server thread/INFO]: <xXWindows10Xx> i was gonna say, did the zombies want the food or want to breed
[01:10:53] [Server thread/INFO]: <d4nchen> LOLLLLLL
[01:11:15] [Server thread/INFO]: <d4nchen> omg snow
[01:11:17] [Server thread/INFO]: <d4nchen> like irl
[01:11:36] [Server thread/INFO]: <xXWindows10Xx> yee very nice
[01:12:15] [Server thread/INFO]: <xXWindows10Xx> well the mac is surprsingly capable
[01:12:19] [Server thread/INFO]: <d4nchen> hahahahah
[01:12:22] [Server thread/INFO]: <d4nchen> not for long
[01:12:40] [Server thread/INFO]: <d4nchen> ok lets let them grow up now
[01:12:47] [Server thread/INFO]: <d4nchen> or get a bed put it in here
[01:13:55] [Server thread/INFO]: <d4nchen> lets wait for all of them to grow up then feed
[01:14:03] [Server thread/INFO]: <xXWindows10Xx> soudns good
[01:14:11] [Server thread/INFO]: <d4nchen> unless u wanna sleep
[01:14:36] [Server thread/INFO]: <d4nchen> oh no creeper
[01:14:36] [Server thread/INFO]: <xXWindows10Xx> i wanna see our kids grow up first before that
[01:14:43] [Server thread/INFO]: <d4nchen> hehehehehe
[01:14:49] [Server thread/INFO]: <d4nchen> help
[01:14:55] [Server thread/INFO]: <d4nchen> NO
[01:14:57] [Server thread/INFO]: <d4nchen> NO
[01:15:14] [Server thread/INFO]: <d4nchen> ARE THEY ALL IN
[01:16:30] [Server thread/INFO]: <d4nchen> NO THIS IS BAD
[01:16:37] [Server thread/INFO]: <d4nchen> they acn cimb up
[01:16:47] [Server thread/INFO]: <d4nchen> no dont let tgem
[01:16:56] [Server thread/INFO]: <d4nchen> thata rea
[01:17:39] [Server thread/INFO]: <d4nchen> can u keep them attatched to u so i can get the ones outside
[01:17:46] [Server thread/INFO]: <xXWindows10Xx> kk
[01:18:49] [Server thread/INFO]: <d4nchen> done
[01:19:04] [Server thread/INFO]: <xXWindows10Xx> yay
[01:19:29] [Server thread/INFO]: <xXWindows10Xx> brb my sister needs help
[01:19:32] [Server thread/INFO]: <d4nchen> kk
[01:19:54] [Server thread/INFO]: <d4nchen> my sister thinks ur sister hates her
[01:27:39] [Server thread/INFO]: <xXWindows10Xx> wha I had no idea
[01:27:58] [Server thread/INFO]: <d4nchen> i think ur sisters friends dont like my sister so ur sister prob doesnt like mine
[01:28:37] [Server thread/INFO]: <xXWindows10Xx> huhh I think I asked her about it a couple months ago and she said she only knows her by name
[01:28:44] [Server thread/INFO]: <d4nchen> oh thats good then
[01:28:48] [Server thread/INFO]: <xXWindows10Xx> and that they dont really like share any classes or anything so idk
[01:28:52] [Server thread/INFO]: <d4nchen> thats just what my sister said
[01:29:51] [Server thread/INFO]: <xXWindows10Xx> man seeing calc 1000 once again is nostalgic
[01:29:54] [Server thread/INFO]: <d4nchen> NO
[01:29:57] [Server thread/INFO]: <xXWindows10Xx> FUCK
[01:30:14] [Server thread/INFO]: d4nchen was squished too much
[01:30:18] [Server thread/INFO]: <xXWindows10Xx> LOL WHAT
[01:30:41] [Server thread/INFO]: <d4nchen> yheyre all dying
[01:30:43] [Server thread/INFO]: <d4nchen> this is ur fault
[01:33:19] [Server thread/INFO]: <d4nchen> yayyyy thanks
[01:33:36] [Server thread/INFO]: <d4nchen> I think this is good enough for tn
[01:33:38] [Server thread/INFO]: <d4nchen> LOL
[01:33:40] [Server thread/INFO]: <xXWindows10Xx> lmao
[01:33:53] [Server thread/INFO]: <xXWindows10Xx> a productive session
[01:33:56] [Server thread/INFO]: <d4nchen> yes sir
[01:35:41] [Server thread/INFO]: <xXWindows10Xx> im getting eepy, i havent recovered from my back to back night exams yesterday
[01:35:50] [Server thread/INFO]: <d4nchen> yes go sleep
[01:35:53] [Server thread/INFO]: <d4nchen> sleep well
[01:35:59] [Server thread/INFO]: <xXWindows10Xx> tmr we start anew
[01:36:00] [Server thread/INFO]: <d4nchen> u had two back to back exam?
[01:36:08] [Server thread/INFO]: <xXWindows10Xx> yep
[01:36:12] [Server thread/INFO]: <d4nchen> poor you.... aw...
[01:36:16] [Server thread/INFO]: <d4nchen> :c
[01:36:21] [Server thread/INFO]: <xXWindows10Xx> an hour gap between the two was BRUTAL lol
[01:36:27] [Server thread/INFO]: <d4nchen> omg... sleep super well then
[01:36:28] [Server thread/INFO]: <xXWindows10Xx> and they were both 2.5 hours
[01:36:32] [Server thread/INFO]: <d4nchen> ewwwwwwww
[01:36:37] [Server thread/INFO]: <d4nchen> im sure u did great
[01:36:40] [Server thread/INFO]: <d4nchen> but still tiring
[01:36:47] [Server thread/INFO]: <d4nchen> sleep super well then
[01:36:48] [Server thread/INFO]: <xXWindows10Xx> lol yep
[01:36:51] [Server thread/INFO]: <d4nchen> ill play with u tmrw
[01:36:56] [Server thread/INFO]: <xXWindows10Xx> HAPPY BIRTHDAY THO
[01:36:57] [Server thread/INFO]: <xXWindows10Xx> yay
[01:36:59] [Server thread/INFO]: <d4nchen> you too
[01:37:01] [Server thread/INFO]: <d4nchen> LOL
[01:37:06] [Server thread/INFO]: <xXWindows10Xx> lmaoo
[01:37:13] [Server thread/INFO]: <xXWindows10Xx> sleep tight princess
[01:37:14] [Server thread/INFO]: <xXWindows10Xx> byebye \
[01:37:15] [Server thread/INFO]: xXWindows10Xx lost connection: Disconnected
[01:37:15] [Server thread/INFO]: xXWindows10Xx left the game
[01:37:17] [Server thread/INFO]: <d4nchen> goooodnight
[01:37:32] [Server thread/INFO]: d4nchen lost connection: Disconnected
[01:37:32] [Server thread/INFO]: d4nchen left the game
[01:38:32] [Server thread/INFO]: Server empty for 60 seconds, pausing
[04:05:22] [Server thread/WARN]: handleDisconnection() called twice
[06:22:37] [Server thread/INFO]: /192.168.65.1:42638 lost connection: Internal Exception: io.netty.handler.codec.DecoderException: java.io.IOException: Packet login/serverbound/minecraft:hello (aky) was larger than I expected, found 1 bytes extra whilst reading packet serverbound/minecraft:hello
[06:22:42] [Server thread/INFO]: /192.168.65.1:30595 lost connection: Internal Exception: io.netty.handler.codec.DecoderException: java.io.IOException: Packet login/serverbound/minecraft:hello (aky) was larger than I expected, found 1 bytes extra whilst reading packet serverbound/minecraft:hello
[17:22:32] [RCON Listener #1/INFO]: Thread RCON Client /0:0:0:0:0:0:0:1 started
[17:22:32] [Server thread/INFO]: [Rcon: Stopping the server]
[17:22:32] [RCON Client /0:0:0:0:0:0:0:1 #2/INFO]: Thread RCON Client /0:0:0:0:0:0:0:1 shutting down
[17:22:32] [Server thread/INFO]: Stopping server
[17:22:32] [Server thread/INFO]: Saving players
[17:22:32] [Server thread/INFO]: Saving worlds
[17:22:32] [Server thread/INFO]: Saving chunks for level 'ServerLevel[world]'/minecraft:overworld
[17:22:32] [Server thread/INFO]: Saving chunks for level 'ServerLevel[world]'/minecraft:the_end
[17:22:32] [Server thread/INFO]: Saving chunks for level 'ServerLevel[world]'/minecraft:the_nether
[17:22:32] [Server thread/INFO]: ThreadedAnvilChunkStorage (world): All chunks are saved
[17:22:32] [Server thread/INFO]: ThreadedAnvilChunkStorage (DIM1): All chunks are saved
[17:22:32] [Server thread/INFO]: ThreadedAnvilChunkStorage (DIM-1): All chunks are saved
[17:22:32] [Server thread/INFO]: ThreadedAnvilChunkStorage: All dimensions are saved
[17:22:32] [Server thread/INFO]: Thread RCON Listener stopped
